{
    "Should successfully demultiplex merged libaries using demuxlet and run doublet finder": {
        "content": [
            {
                "stderr": [
                    
                ],
                "errorReport": "",
                "exitStatus": 0,
                "failed": false,
                "stdout": [
                    
                ],
                "errorMessage": "",
                "name": "workflow",
                "success": true
            },
            [
                "TEST-POOL-DM1-SCG1.clust1.samples.gz",
                "TEST-POOL-DM1-SCG1.clust1.samples.reduced.tsv",
                "TEST-POOL-DM1-SCG1_cutoffs.csv",
                "TEST-POOL-DM1-SCG1_doubletStat.rds",
                "TEST-POOL-DM1-SCG1_doublet_counts.csv",
                "TEST-POOL-DM1-SCG1_quantiles_pre.tsv",
                "TEST-POOL-DM1-SCG1_raw.rds",
                "TEST-POOL-DM1-SCG1_seurat_object_findingDoublets.rds",
                "TEST-POOL-DM1-SCG2.clust1.samples.gz",
                "TEST-POOL-DM1-SCG2.clust1.samples.reduced.tsv",
                "TEST-POOL-DM1-SCG2_cutoffs.csv",
                "TEST-POOL-DM1-SCG2_doubletStat.rds",
                "TEST-POOL-DM1-SCG2_doublet_counts.csv",
                "TEST-POOL-DM1-SCG2_quantiles_pre.tsv",
                "TEST-POOL-DM1-SCG2_raw.rds",
                "TEST-POOL-DM1-SCG2_seurat_object_findingDoublets.rds",
                "TEST-POOL-DM2-SCG1.clust1.samples.gz",
                "TEST-POOL-DM2-SCG1.clust1.samples.reduced.tsv",
                "TEST-POOL-DM2-SCG1_cutoffs.csv",
                "TEST-POOL-DM2-SCG1_doubletStat.rds",
                "TEST-POOL-DM2-SCG1_doublet_counts.csv",
                "TEST-POOL-DM2-SCG1_quantiles_pre.tsv",
                "TEST-POOL-DM2-SCG1_raw.rds",
                "TEST-POOL-DM2-SCG1_seurat_object_findingDoublets.rds"
            ]
        ],
        "timestamp": "2024-10-10T13:35:39.013467999"
    },
    "Should successfully demultiplex merged libaries using freemuxlet and run doublet finder": {
        "content": [
            {
                "stderr": [
                    
                ],
                "errorReport": "",
                "exitStatus": 0,
                "failed": false,
                "stdout": [
                    
                ],
                "errorMessage": "",
                "name": "workflow",
                "success": true
            },
            [
                "TEST-POOL-DM1-SCG1.cel.gz",
                "TEST-POOL-DM1-SCG1.clust1.samples.gz",
                "TEST-POOL-DM1-SCG1.clust1.samples.reduced.tsv",
                "TEST-POOL-DM1-SCG1.clust1.vcf.gz",
                "TEST-POOL-DM1-SCG1.lmix",
                "TEST-POOL-DM1-SCG1.plp.gz",
                "TEST-POOL-DM1-SCG1.umi.gz",
                "TEST-POOL-DM1-SCG1.var.gz",
                "TEST-POOL-DM1-SCG1_barcodes_of_interest.filt.list",
                "TEST-POOL-DM1-SCG1_cutoffs.csv",
                "TEST-POOL-DM1-SCG1_doubletStat.rds",
                "TEST-POOL-DM1-SCG1_doublet_counts.csv",
                "TEST-POOL-DM1-SCG1_quantiles_pre.tsv",
                "TEST-POOL-DM1-SCG1_raw.rds",
                "TEST-POOL-DM1-SCG1_seurat_object_findingDoublets.rds",
                "TEST-POOL-DM1-SCG2.cel.gz",
                "TEST-POOL-DM1-SCG2.clust1.samples.gz",
                "TEST-POOL-DM1-SCG2.clust1.samples.reduced.tsv",
                "TEST-POOL-DM1-SCG2.clust1.vcf.gz",
                "TEST-POOL-DM1-SCG2.lmix",
                "TEST-POOL-DM1-SCG2.plp.gz",
                "TEST-POOL-DM1-SCG2.umi.gz",
                "TEST-POOL-DM1-SCG2.var.gz",
                "TEST-POOL-DM1-SCG2_barcodes_of_interest.filt.list",
                "TEST-POOL-DM1-SCG2_cutoffs.csv",
                "TEST-POOL-DM1-SCG2_doubletStat.rds",
                "TEST-POOL-DM1-SCG2_doublet_counts.csv",
                "TEST-POOL-DM1-SCG2_quantiles_pre.tsv",
                "TEST-POOL-DM1-SCG2_raw.rds",
                "TEST-POOL-DM1-SCG2_seurat_object_findingDoublets.rds",
                "TEST-POOL-DM2-SCG1.cel.gz",
                "TEST-POOL-DM2-SCG1.clust1.samples.gz",
                "TEST-POOL-DM2-SCG1.clust1.samples.reduced.tsv",
                "TEST-POOL-DM2-SCG1.clust1.vcf.gz",
                "TEST-POOL-DM2-SCG1.lmix",
                "TEST-POOL-DM2-SCG1.plp.gz",
                "TEST-POOL-DM2-SCG1.umi.gz",
                "TEST-POOL-DM2-SCG1.var.gz",
                "TEST-POOL-DM2-SCG1_barcodes_of_interest.filt.list",
                "TEST-POOL-DM2-SCG1_cutoffs.csv",
                "TEST-POOL-DM2-SCG1_doubletStat.rds",
                "TEST-POOL-DM2-SCG1_doublet_counts.csv",
                "TEST-POOL-DM2-SCG1_quantiles_pre.tsv",
                "TEST-POOL-DM2-SCG1_raw.rds",
                "TEST-POOL-DM2-SCG1_seurat_object_findingDoublets.rds"
            ]
        ],
        "timestamp": "2024-10-10T13:11:55.470499911"
    }
}